==========================================================================================
Information: 
Exchange parameters generated by TB2J 0.9.12.7
Generation time: 25/08/08 16:22:59
 Input from collinear Wannier90 data.
 Tight binding data from ../../../inputs/2_SrMnO3_wannier/data.
 Prefix of wannier function files:abinito_w90_up and abinito_w90_down.
Warning: Please check if the noise level of Wannier function Hamiltonian to make sure it is much smaller than the exchange values.


==========================================================================================
Cell (Angstrom):
3.80998463  -0.00000000  -0.00000000
0.00000000  3.80998463  0.00000000
0.00000000  0.00000000  3.80998463

==========================================================================================
Atoms:  
(Note: charge and magmoms only count the wannier functions.)
Atom number        x             y             z       w_charge  w_magmom 
Sr1             0.00000000    0.00000000    0.00000000    0.0000    0.0000
Mn1             1.90499231    1.90499231    1.90499231    4.6530    2.9841
O1              1.90499231    1.90499231    0.00000000    5.4863    0.0426
O2              0.00000000    1.90499231    1.90499231    5.4864    0.0426
O3              1.90499231    0.00000000    1.90499231    5.4864    0.0426
Total                                                    21.1120    3.1120

==========================================================================================
Orbitals used in decomposition: 
The name of the orbitals for the decomposition: 
Mn1 : ['orb_1', 'orb_2', 'orb_3', 'orb_4', 'orb_5']

==========================================================================================
Exchange: 
    i      j          R        J_iso(meV)          vector          distance(A) 
----------------------------------------------------------------------------------------
   Mn1   Mn1   (  0,   0,   1) -7.1145   ( 0.000,  0.000,  3.810)  3.810 
J_iso: -7.1145 
----------------------------------------------------------------------------------------
   Mn1   Mn1   (  0,   1,   0) -7.1133   ( 0.000,  3.810,  0.000)  3.810 
J_iso: -7.1133 
----------------------------------------------------------------------------------------
   Mn1   Mn1   (  1,   0,   0) -7.1133   ( 3.810,  0.000,  0.000)  3.810 
J_iso: -7.1133 
----------------------------------------------------------------------------------------
   Mn1   Mn1   ( -1,   0,   0) -7.1133   (-3.810,  0.000,  0.000)  3.810 
J_iso: -7.1133 
----------------------------------------------------------------------------------------
   Mn1   Mn1   (  0,  -1,   0) -7.1133   ( 0.000, -3.810,  0.000)  3.810 
J_iso: -7.1133 
----------------------------------------------------------------------------------------
   Mn1   Mn1   (  0,   0,  -1) -7.1145   ( 0.000,  0.000, -3.810)  3.810 
J_iso: -7.1145 
----------------------------------------------------------------------------------------
   Mn1   Mn1   ( -1,   0,   1) -0.5793   (-3.810,  0.000,  3.810)  5.388 
J_iso: -0.5793 
----------------------------------------------------------------------------------------
   Mn1   Mn1   ( -1,   1,   0) -0.5793   (-3.810,  3.810,  0.000)  5.388 
J_iso: -0.5793 
----------------------------------------------------------------------------------------
   Mn1   Mn1   (  0,  -1,   1) -0.5793   ( 0.000, -3.810,  3.810)  5.388 
J_iso: -0.5793 
----------------------------------------------------------------------------------------
   Mn1   Mn1   (  0,   1,  -1) -0.5793   ( 0.000,  3.810, -3.810)  5.388 
J_iso: -0.5793 
----------------------------------------------------------------------------------------
   Mn1   Mn1   (  0,   1,   1) -0.5769   ( 0.000,  3.810,  3.810)  5.388 
J_iso: -0.5769 
----------------------------------------------------------------------------------------
   Mn1   Mn1   (  1,  -1,   0) -0.5793   ( 3.810, -3.810,  0.000)  5.388 
J_iso: -0.5793 
----------------------------------------------------------------------------------------
   Mn1   Mn1   (  1,   0,  -1) -0.5793   ( 3.810,  0.000, -3.810)  5.388 
J_iso: -0.5793 
----------------------------------------------------------------------------------------
   Mn1   Mn1   (  1,   0,   1) -0.5769   ( 3.810,  0.000,  3.810)  5.388 
J_iso: -0.5769 
----------------------------------------------------------------------------------------
   Mn1   Mn1   (  1,   1,   0) -0.5769   ( 3.810,  3.810,  0.000)  5.388 
J_iso: -0.5769 
----------------------------------------------------------------------------------------
   Mn1   Mn1   ( -1,  -1,   0) -0.5769   (-3.810, -3.810,  0.000)  5.388 
J_iso: -0.5769 
----------------------------------------------------------------------------------------
   Mn1   Mn1   ( -1,   0,  -1) -0.5769   (-3.810,  0.000, -3.810)  5.388 
J_iso: -0.5769 
----------------------------------------------------------------------------------------
   Mn1   Mn1   (  0,  -1,  -1) -0.5769   ( 0.000, -3.810, -3.810)  5.388 
J_iso: -0.5769 
----------------------------------------------------------------------------------------
   Mn1   Mn1   ( -1,  -1,  -1) -0.0362   (-3.810, -3.810, -3.810)  6.599 
J_iso: -0.0362 
----------------------------------------------------------------------------------------
   Mn1   Mn1   ( -1,  -1,   1) -0.0361   (-3.810, -3.810,  3.810)  6.599 
J_iso: -0.0361 
----------------------------------------------------------------------------------------
   Mn1   Mn1   ( -1,   1,  -1) -0.0361   (-3.810,  3.810, -3.810)  6.599 
J_iso: -0.0361 
----------------------------------------------------------------------------------------
   Mn1   Mn1   ( -1,   1,   1) -0.0361   (-3.810,  3.810,  3.810)  6.599 
J_iso: -0.0361 
----------------------------------------------------------------------------------------
   Mn1   Mn1   (  1,  -1,  -1) -0.0361   ( 3.810, -3.810, -3.810)  6.599 
J_iso: -0.0361 
----------------------------------------------------------------------------------------
   Mn1   Mn1   (  1,  -1,   1) -0.0361   ( 3.810, -3.810,  3.810)  6.599 
J_iso: -0.0361 
----------------------------------------------------------------------------------------
   Mn1   Mn1   (  1,   1,  -1) -0.0361   ( 3.810,  3.810, -3.810)  6.599 
J_iso: -0.0361 
----------------------------------------------------------------------------------------
   Mn1   Mn1   (  1,   1,   1) -0.0362   ( 3.810,  3.810,  3.810)  6.599 
J_iso: -0.0362 
----------------------------------------------------------------------------------------
   Mn1   Mn1   ( -2,   0,   0)  0.7253   (-7.620,  0.000,  0.000)  7.620 
J_iso:  0.7253 
----------------------------------------------------------------------------------------
   Mn1   Mn1   (  0,  -2,   0)  0.7253   ( 0.000, -7.620,  0.000)  7.620 
J_iso:  0.7253 
----------------------------------------------------------------------------------------
   Mn1   Mn1   (  0,   0,  -2)  0.7248   ( 0.000,  0.000, -7.620)  7.620 
J_iso:  0.7248 
----------------------------------------------------------------------------------------
   Mn1   Mn1   (  0,   0,   2)  0.7248   ( 0.000,  0.000,  7.620)  7.620 
J_iso:  0.7248 
----------------------------------------------------------------------------------------
   Mn1   Mn1   (  0,   2,   0)  0.7253   ( 0.000,  7.620,  0.000)  7.620 
J_iso:  0.7253 
----------------------------------------------------------------------------------------
   Mn1   Mn1   (  2,   0,   0)  0.7253   ( 7.620,  0.000,  0.000)  7.620 
J_iso:  0.7253 
----------------------------------------------------------------------------------------
   Mn1   Mn1   ( -2,  -1,   0)  0.1741   (-7.620, -3.810,  0.000)  8.519 
J_iso:  0.1741 
----------------------------------------------------------------------------------------
   Mn1   Mn1   ( -2,   0,  -1)  0.1741   (-7.620,  0.000, -3.810)  8.519 
J_iso:  0.1741 
----------------------------------------------------------------------------------------
   Mn1   Mn1   ( -2,   0,   1)  0.1696   (-7.620,  0.000,  3.810)  8.519 
J_iso:  0.1696 
----------------------------------------------------------------------------------------
   Mn1   Mn1   ( -2,   1,   0)  0.1696   (-7.620,  3.810,  0.000)  8.519 
J_iso:  0.1696 
----------------------------------------------------------------------------------------
   Mn1   Mn1   ( -1,  -2,   0)  0.1741   (-3.810, -7.620,  0.000)  8.519 
J_iso:  0.1741 
----------------------------------------------------------------------------------------
   Mn1   Mn1   ( -1,   0,  -2)  0.1742   (-3.810,  0.000, -7.620)  8.519 
J_iso:  0.1742 
----------------------------------------------------------------------------------------
   Mn1   Mn1   ( -1,   0,   2)  0.1696   (-3.810,  0.000,  7.620)  8.519 
J_iso:  0.1696 
----------------------------------------------------------------------------------------
   Mn1   Mn1   ( -1,   2,   0)  0.1696   (-3.810,  7.620,  0.000)  8.519 
J_iso:  0.1696 
----------------------------------------------------------------------------------------
   Mn1   Mn1   (  0,  -2,  -1)  0.1741   ( 0.000, -7.620, -3.810)  8.519 
J_iso:  0.1741 
----------------------------------------------------------------------------------------
   Mn1   Mn1   (  0,  -2,   1)  0.1696   ( 0.000, -7.620,  3.810)  8.519 
J_iso:  0.1696 
----------------------------------------------------------------------------------------
   Mn1   Mn1   (  0,  -1,  -2)  0.1742   ( 0.000, -3.810, -7.620)  8.519 
J_iso:  0.1742 
----------------------------------------------------------------------------------------
   Mn1   Mn1   (  0,  -1,   2)  0.1696   ( 0.000, -3.810,  7.620)  8.519 
J_iso:  0.1696 
----------------------------------------------------------------------------------------
   Mn1   Mn1   (  0,   1,  -2)  0.1696   ( 0.000,  3.810, -7.620)  8.519 
J_iso:  0.1696 
----------------------------------------------------------------------------------------
   Mn1   Mn1   (  0,   1,   2)  0.1742   ( 0.000,  3.810,  7.620)  8.519 
J_iso:  0.1742 
----------------------------------------------------------------------------------------
   Mn1   Mn1   (  0,   2,  -1)  0.1696   ( 0.000,  7.620, -3.810)  8.519 
J_iso:  0.1696 
----------------------------------------------------------------------------------------
   Mn1   Mn1   (  0,   2,   1)  0.1741   ( 0.000,  7.620,  3.810)  8.519 
J_iso:  0.1741 
----------------------------------------------------------------------------------------
   Mn1   Mn1   (  1,  -2,   0)  0.1696   ( 3.810, -7.620,  0.000)  8.519 
J_iso:  0.1696 
----------------------------------------------------------------------------------------
   Mn1   Mn1   (  1,   0,  -2)  0.1696   ( 3.810,  0.000, -7.620)  8.519 
J_iso:  0.1696 
----------------------------------------------------------------------------------------
   Mn1   Mn1   (  1,   0,   2)  0.1742   ( 3.810,  0.000,  7.620)  8.519 
J_iso:  0.1742 
----------------------------------------------------------------------------------------
   Mn1   Mn1   (  1,   2,   0)  0.1741   ( 3.810,  7.620,  0.000)  8.519 
J_iso:  0.1741 
----------------------------------------------------------------------------------------
   Mn1   Mn1   (  2,  -1,   0)  0.1696   ( 7.620, -3.810,  0.000)  8.519 
J_iso:  0.1696 
----------------------------------------------------------------------------------------
   Mn1   Mn1   (  2,   0,  -1)  0.1696   ( 7.620,  0.000, -3.810)  8.519 
J_iso:  0.1696 
----------------------------------------------------------------------------------------
   Mn1   Mn1   (  2,   0,   1)  0.1741   ( 7.620,  0.000,  3.810)  8.519 
J_iso:  0.1741 
----------------------------------------------------------------------------------------
   Mn1   Mn1   (  2,   1,   0)  0.1741   ( 7.620,  3.810,  0.000)  8.519 
J_iso:  0.1741 
----------------------------------------------------------------------------------------
   Mn1   Mn1   ( -2,  -1,  -1) -0.0007   (-7.620, -3.810, -3.810)  9.333 
J_iso: -0.0007 
----------------------------------------------------------------------------------------
   Mn1   Mn1   ( -2,  -1,   1) -0.0006   (-7.620, -3.810,  3.810)  9.333 
J_iso: -0.0006 
----------------------------------------------------------------------------------------
   Mn1   Mn1   ( -2,   1,  -1) -0.0006   (-7.620,  3.810, -3.810)  9.333 
J_iso: -0.0006 
----------------------------------------------------------------------------------------
   Mn1   Mn1   ( -2,   1,   1) -0.0005   (-7.620,  3.810,  3.810)  9.333 
J_iso: -0.0005 
----------------------------------------------------------------------------------------
   Mn1   Mn1   ( -1,  -2,  -1) -0.0007   (-3.810, -7.620, -3.810)  9.333 
J_iso: -0.0007 
----------------------------------------------------------------------------------------
   Mn1   Mn1   ( -1,  -2,   1) -0.0006   (-3.810, -7.620,  3.810)  9.333 
J_iso: -0.0006 
----------------------------------------------------------------------------------------
   Mn1   Mn1   ( -1,  -1,  -2) -0.0007   (-3.810, -3.810, -7.620)  9.333 
J_iso: -0.0007 
----------------------------------------------------------------------------------------
   Mn1   Mn1   ( -1,  -1,   2) -0.0005   (-3.810, -3.810,  7.620)  9.333 
J_iso: -0.0005 
----------------------------------------------------------------------------------------
   Mn1   Mn1   ( -1,   1,  -2) -0.0006   (-3.810,  3.810, -7.620)  9.333 
J_iso: -0.0006 
----------------------------------------------------------------------------------------
   Mn1   Mn1   ( -1,   1,   2) -0.0006   (-3.810,  3.810,  7.620)  9.333 
J_iso: -0.0006 
----------------------------------------------------------------------------------------
   Mn1   Mn1   ( -1,   2,  -1) -0.0005   (-3.810,  7.620, -3.810)  9.333 
J_iso: -0.0005 
----------------------------------------------------------------------------------------
   Mn1   Mn1   ( -1,   2,   1) -0.0006   (-3.810,  7.620,  3.810)  9.333 
J_iso: -0.0006 
----------------------------------------------------------------------------------------
   Mn1   Mn1   (  1,  -2,  -1) -0.0006   ( 3.810, -7.620, -3.810)  9.333 
J_iso: -0.0006 
----------------------------------------------------------------------------------------
   Mn1   Mn1   (  1,  -2,   1) -0.0005   ( 3.810, -7.620,  3.810)  9.333 
J_iso: -0.0005 
----------------------------------------------------------------------------------------
   Mn1   Mn1   (  1,  -1,  -2) -0.0006   ( 3.810, -3.810, -7.620)  9.333 
J_iso: -0.0006 
----------------------------------------------------------------------------------------
   Mn1   Mn1   (  1,  -1,   2) -0.0006   ( 3.810, -3.810,  7.620)  9.333 
J_iso: -0.0006 
----------------------------------------------------------------------------------------
   Mn1   Mn1   (  1,   1,  -2) -0.0005   ( 3.810,  3.810, -7.620)  9.333 
J_iso: -0.0005 
----------------------------------------------------------------------------------------
   Mn1   Mn1   (  1,   1,   2) -0.0007   ( 3.810,  3.810,  7.620)  9.333 
J_iso: -0.0007 
----------------------------------------------------------------------------------------
   Mn1   Mn1   (  1,   2,  -1) -0.0006   ( 3.810,  7.620, -3.810)  9.333 
J_iso: -0.0006 
----------------------------------------------------------------------------------------
   Mn1   Mn1   (  1,   2,   1) -0.0007   ( 3.810,  7.620,  3.810)  9.333 
J_iso: -0.0007 
----------------------------------------------------------------------------------------
   Mn1   Mn1   (  2,  -1,  -1) -0.0005   ( 7.620, -3.810, -3.810)  9.333 
J_iso: -0.0005 
----------------------------------------------------------------------------------------
   Mn1   Mn1   (  2,  -1,   1) -0.0006   ( 7.620, -3.810,  3.810)  9.333 
J_iso: -0.0006 
----------------------------------------------------------------------------------------
   Mn1   Mn1   (  2,   1,  -1) -0.0006   ( 7.620,  3.810, -3.810)  9.333 
J_iso: -0.0006 
----------------------------------------------------------------------------------------
   Mn1   Mn1   (  2,   1,   1) -0.0007   ( 7.620,  3.810,  3.810)  9.333 
J_iso: -0.0007 
----------------------------------------------------------------------------------------
   Mn1   Mn1   ( -2,  -2,   0) -0.1251   (-7.620, -7.620,  0.000) 10.776 
J_iso: -0.1251 
----------------------------------------------------------------------------------------
   Mn1   Mn1   ( -2,   0,  -2) -0.1252   (-7.620,  0.000, -7.620) 10.776 
J_iso: -0.1252 
----------------------------------------------------------------------------------------
   Mn1   Mn1   ( -2,   0,   2) -0.1387   (-7.620,  0.000,  7.620) 10.776 
J_iso: -0.1387 
----------------------------------------------------------------------------------------
   Mn1   Mn1   ( -2,   2,   0) -0.1386   (-7.620,  7.620,  0.000) 10.776 
J_iso: -0.1386 
----------------------------------------------------------------------------------------
   Mn1   Mn1   (  0,  -2,  -2) -0.1252   ( 0.000, -7.620, -7.620) 10.776 
J_iso: -0.1252 
----------------------------------------------------------------------------------------
   Mn1   Mn1   (  0,  -2,   2) -0.1387   ( 0.000, -7.620,  7.620) 10.776 
J_iso: -0.1387 
----------------------------------------------------------------------------------------
   Mn1   Mn1   (  0,   2,  -2) -0.1387   ( 0.000,  7.620, -7.620) 10.776 
J_iso: -0.1387 
----------------------------------------------------------------------------------------
   Mn1   Mn1   (  0,   2,   2) -0.1252   ( 0.000,  7.620,  7.620) 10.776 
J_iso: -0.1252 
----------------------------------------------------------------------------------------
   Mn1   Mn1   (  2,  -2,   0) -0.1386   ( 7.620, -7.620,  0.000) 10.776 
J_iso: -0.1386 
----------------------------------------------------------------------------------------
   Mn1   Mn1   (  2,   0,  -2) -0.1387   ( 7.620,  0.000, -7.620) 10.776 
J_iso: -0.1387 
----------------------------------------------------------------------------------------
   Mn1   Mn1   (  2,   0,   2) -0.1252   ( 7.620,  0.000,  7.620) 10.776 
J_iso: -0.1252 
----------------------------------------------------------------------------------------
   Mn1   Mn1   (  2,   2,   0) -0.1251   ( 7.620,  7.620,  0.000) 10.776 
J_iso: -0.1251 
----------------------------------------------------------------------------------------
   Mn1   Mn1   ( -2,  -2,  -1)  0.0001   (-7.620, -7.620, -3.810) 11.430 
J_iso:  0.0001 
----------------------------------------------------------------------------------------
   Mn1   Mn1   ( -2,  -2,   1)  0.0002   (-7.620, -7.620,  3.810) 11.430 
J_iso:  0.0002 
----------------------------------------------------------------------------------------
   Mn1   Mn1   ( -2,  -1,  -2)  0.0001   (-7.620, -3.810, -7.620) 11.430 
J_iso:  0.0001 
----------------------------------------------------------------------------------------
   Mn1   Mn1   ( -2,  -1,   2)  0.0001   (-7.620, -3.810,  7.620) 11.430 
J_iso:  0.0001 
----------------------------------------------------------------------------------------
   Mn1   Mn1   ( -2,   1,  -2)  0.0002   (-7.620,  3.810, -7.620) 11.430 
J_iso:  0.0002 
----------------------------------------------------------------------------------------
   Mn1   Mn1   ( -2,   1,   2)  0.0001   (-7.620,  3.810,  7.620) 11.430 
J_iso:  0.0001 
----------------------------------------------------------------------------------------
   Mn1   Mn1   ( -2,   2,  -1)  0.0001   (-7.620,  7.620, -3.810) 11.430 
J_iso:  0.0001 
----------------------------------------------------------------------------------------
   Mn1   Mn1   ( -2,   2,   1)  0.0001   (-7.620,  7.620,  3.810) 11.430 
J_iso:  0.0001 
----------------------------------------------------------------------------------------
   Mn1   Mn1   ( -1,  -2,  -2)  0.0001   (-3.810, -7.620, -7.620) 11.430 
J_iso:  0.0001 
----------------------------------------------------------------------------------------
   Mn1   Mn1   ( -1,  -2,   2)  0.0001   (-3.810, -7.620,  7.620) 11.430 
J_iso:  0.0001 
----------------------------------------------------------------------------------------
   Mn1   Mn1   ( -1,   2,  -2)  0.0001   (-3.810,  7.620, -7.620) 11.430 
J_iso:  0.0001 
----------------------------------------------------------------------------------------
   Mn1   Mn1   ( -1,   2,   2)  0.0002   (-3.810,  7.620,  7.620) 11.430 
J_iso:  0.0002 
----------------------------------------------------------------------------------------
   Mn1   Mn1   (  1,  -2,  -2)  0.0002   ( 3.810, -7.620, -7.620) 11.430 
J_iso:  0.0002 
----------------------------------------------------------------------------------------
   Mn1   Mn1   (  1,  -2,   2)  0.0001   ( 3.810, -7.620,  7.620) 11.430 
J_iso:  0.0001 
----------------------------------------------------------------------------------------
   Mn1   Mn1   (  1,   2,  -2)  0.0001   ( 3.810,  7.620, -7.620) 11.430 
J_iso:  0.0001 
----------------------------------------------------------------------------------------
   Mn1   Mn1   (  1,   2,   2)  0.0001   ( 3.810,  7.620,  7.620) 11.430 
J_iso:  0.0001 
----------------------------------------------------------------------------------------
   Mn1   Mn1   (  2,  -2,  -1)  0.0001   ( 7.620, -7.620, -3.810) 11.430 
J_iso:  0.0001 
----------------------------------------------------------------------------------------
   Mn1   Mn1   (  2,  -2,   1)  0.0001   ( 7.620, -7.620,  3.810) 11.430 
J_iso:  0.0001 
----------------------------------------------------------------------------------------
   Mn1   Mn1   (  2,  -1,  -2)  0.0001   ( 7.620, -3.810, -7.620) 11.430 
J_iso:  0.0001 
----------------------------------------------------------------------------------------
   Mn1   Mn1   (  2,  -1,   2)  0.0002   ( 7.620, -3.810,  7.620) 11.430 
J_iso:  0.0002 
----------------------------------------------------------------------------------------
   Mn1   Mn1   (  2,   1,  -2)  0.0001   ( 7.620,  3.810, -7.620) 11.430 
J_iso:  0.0001 
----------------------------------------------------------------------------------------
   Mn1   Mn1   (  2,   1,   2)  0.0001   ( 7.620,  3.810,  7.620) 11.430 
J_iso:  0.0001 
----------------------------------------------------------------------------------------
   Mn1   Mn1   (  2,   2,  -1)  0.0002   ( 7.620,  7.620, -3.810) 11.430 
J_iso:  0.0002 
----------------------------------------------------------------------------------------
   Mn1   Mn1   (  2,   2,   1)  0.0001   ( 7.620,  7.620,  3.810) 11.430 
J_iso:  0.0001 
----------------------------------------------------------------------------------------
   Mn1   Mn1   ( -2,  -2,  -2)  0.0058   (-7.620, -7.620, -7.620) 13.198 
J_iso:  0.0058 
----------------------------------------------------------------------------------------
   Mn1   Mn1   ( -2,  -2,   2)  0.0059   (-7.620, -7.620,  7.620) 13.198 
J_iso:  0.0059 
----------------------------------------------------------------------------------------
   Mn1   Mn1   ( -2,   2,  -2)  0.0059   (-7.620,  7.620, -7.620) 13.198 
J_iso:  0.0059 
----------------------------------------------------------------------------------------
   Mn1   Mn1   ( -2,   2,   2)  0.0059   (-7.620,  7.620,  7.620) 13.198 
J_iso:  0.0059 
----------------------------------------------------------------------------------------
   Mn1   Mn1   (  2,  -2,  -2)  0.0059   ( 7.620, -7.620, -7.620) 13.198 
J_iso:  0.0059 
----------------------------------------------------------------------------------------
   Mn1   Mn1   (  2,  -2,   2)  0.0059   ( 7.620, -7.620,  7.620) 13.198 
J_iso:  0.0059 
----------------------------------------------------------------------------------------
   Mn1   Mn1   (  2,   2,  -2)  0.0059   ( 7.620,  7.620, -7.620) 13.198 
J_iso:  0.0059 
----------------------------------------------------------------------------------------
   Mn1   Mn1   (  2,   2,   2)  0.0058   ( 7.620,  7.620,  7.620) 13.198 
J_iso:  0.0058 
