==========================================================================================
Information: 
Exchange parameters generated by TB2J 0.9.12.7
Generation time: 25/08/12 15:27:27
Calculated with TB2J.
==========================================================================================
Cell (Angstrom):
-6.01281438  3.47150000  0.00000000
-6.01281438  -3.47150000  0.00000000
0.00000000  0.00000000  13.00000000

==========================================================================================
Atoms:  
(Note: charge and magmoms only count the wannier functions.)
Atom number        x             y             z       w_charge  w_magmom 
Cr1            -4.00854292    0.00000000    6.50000000   14.6008    3.5456
Cr2            -8.01708584    0.00000000    6.50000000   14.6008    3.5456
I1             -8.08994330   -2.27226905    4.89133207    6.7997   -0.1819
I2             -2.07712892   -1.19923094    8.10866793    6.7997   -0.1819
I3             -6.01281439    1.07303812    4.89133207    6.7997   -0.1819
I4             -6.01281437   -1.07303812    8.10866793    6.7997   -0.1819
I5             -9.94849984    1.19923094    4.89133207    6.7997   -0.1819
I6             -3.93568546    2.27226905    8.10866793    6.7997   -0.1819
Total                                                    70.0000    6.0000

==========================================================================================
Orbitals used in decomposition: 
The name of the orbitals for the decomposition: 
Cr1 : ('3dxy', '3dyz', '3dz2', '3dxz', '3dx2-y2')
Cr2 : ('3dxy', '3dyz', '3dz2', '3dxz', '3dx2-y2')

==========================================================================================
Exchange: 
    i      j          R        J_iso(meV)          vector          distance(A) 
----------------------------------------------------------------------------------------
   Cr1   Cr2   ( -1,   0,   0)  0.8068   ( 2.004, -3.471,  0.000)  4.009 
J_iso:  0.8068 
----------------------------------------------------------------------------------------
   Cr1   Cr2   (  0,  -1,   0)  0.8068   ( 2.004,  3.471,  0.000)  4.009 
J_iso:  0.8068 
----------------------------------------------------------------------------------------
   Cr2   Cr1   (  0,   1,   0)  0.8068   (-2.004, -3.471, -0.000)  4.009 
J_iso:  0.8068 
----------------------------------------------------------------------------------------
   Cr2   Cr1   (  1,   0,   0)  0.8068   (-2.004,  3.471, -0.000)  4.009 
J_iso:  0.8068 
----------------------------------------------------------------------------------------
   Cr1   Cr2   (  0,   0,   0)  0.8073   (-4.009,  0.000,  0.000)  4.009 
J_iso:  0.8073 
----------------------------------------------------------------------------------------
   Cr2   Cr1   (  0,   0,   0)  0.8073   ( 4.009,  0.000, -0.000)  4.009 
J_iso:  0.8073 
----------------------------------------------------------------------------------------
   Cr1   Cr1   ( -1,   1,   0)  0.7188   ( 0.000, -6.943,  0.000)  6.943 
J_iso:  0.7188 
----------------------------------------------------------------------------------------
   Cr2   Cr2   ( -1,   1,   0)  0.7187   ( 0.000, -6.943,  0.000)  6.943 
J_iso:  0.7187 
----------------------------------------------------------------------------------------
   Cr1   Cr1   (  1,  -1,   0)  0.7188   ( 0.000,  6.943,  0.000)  6.943 
J_iso:  0.7188 
----------------------------------------------------------------------------------------
   Cr2   Cr2   (  1,  -1,   0)  0.7187   ( 0.000,  6.943,  0.000)  6.943 
J_iso:  0.7187 
----------------------------------------------------------------------------------------
   Cr2   Cr2   (  0,   1,   0)  0.7186   (-6.013, -3.471,  0.000)  6.943 
J_iso:  0.7186 
----------------------------------------------------------------------------------------
   Cr2   Cr2   (  1,   0,   0)  0.7186   (-6.013,  3.471,  0.000)  6.943 
J_iso:  0.7186 
----------------------------------------------------------------------------------------
   Cr1   Cr1   ( -1,   0,   0)  0.7187   ( 6.013, -3.471,  0.000)  6.943 
J_iso:  0.7187 
----------------------------------------------------------------------------------------
   Cr2   Cr2   ( -1,   0,   0)  0.7186   ( 6.013, -3.471,  0.000)  6.943 
J_iso:  0.7186 
----------------------------------------------------------------------------------------
   Cr1   Cr1   (  0,  -1,   0)  0.7187   ( 6.013,  3.471,  0.000)  6.943 
J_iso:  0.7187 
----------------------------------------------------------------------------------------
   Cr2   Cr2   (  0,  -1,   0)  0.7186   ( 6.013,  3.471,  0.000)  6.943 
J_iso:  0.7186 
----------------------------------------------------------------------------------------
   Cr1   Cr1   (  0,   1,   0)  0.7187   (-6.013, -3.471,  0.000)  6.943 
J_iso:  0.7187 
----------------------------------------------------------------------------------------
   Cr1   Cr1   (  1,   0,   0)  0.7187   (-6.013,  3.471,  0.000)  6.943 
J_iso:  0.7187 
----------------------------------------------------------------------------------------
   Cr1   Cr2   ( -1,   1,   0) -0.0527   (-4.009, -6.943,  0.000)  8.017 
J_iso: -0.0527 
----------------------------------------------------------------------------------------
   Cr2   Cr1   ( -1,   1,   0) -0.0527   ( 4.009, -6.943, -0.000)  8.017 
J_iso: -0.0527 
----------------------------------------------------------------------------------------
   Cr1   Cr2   (  1,  -1,   0) -0.0527   (-4.009,  6.943,  0.000)  8.017 
J_iso: -0.0527 
----------------------------------------------------------------------------------------
   Cr2   Cr1   (  1,  -1,   0) -0.0527   ( 4.009,  6.943, -0.000)  8.017 
J_iso: -0.0527 
----------------------------------------------------------------------------------------
   Cr1   Cr2   ( -1,  -1,   0) -0.0526   ( 8.017,  0.000,  0.000)  8.017 
J_iso: -0.0526 
----------------------------------------------------------------------------------------
   Cr2   Cr1   (  1,   1,   0) -0.0526   (-8.017,  0.000, -0.000)  8.017 
J_iso: -0.0526 
----------------------------------------------------------------------------------------
   Cr1   Cr2   ( -2,   1,   0)  0.0104   ( 2.004, -10.415,  0.000) 10.606 
J_iso:  0.0104 
----------------------------------------------------------------------------------------
   Cr2   Cr1   ( -1,   2,   0)  0.0104   (-2.004, -10.415, -0.000) 10.606 
J_iso:  0.0104 
----------------------------------------------------------------------------------------
   Cr1   Cr2   (  1,  -2,   0)  0.0104   ( 2.004, 10.415,  0.000) 10.606 
J_iso:  0.0104 
----------------------------------------------------------------------------------------
   Cr2   Cr1   (  2,  -1,   0)  0.0104   (-2.004, 10.415, -0.000) 10.606 
J_iso:  0.0104 
----------------------------------------------------------------------------------------
   Cr1   Cr2   ( -2,   0,   0)  0.0104   ( 8.017, -6.943,  0.000) 10.606 
J_iso:  0.0104 
----------------------------------------------------------------------------------------
   Cr1   Cr2   (  0,  -2,   0)  0.0104   ( 8.017,  6.943,  0.000) 10.606 
J_iso:  0.0104 
----------------------------------------------------------------------------------------
   Cr2   Cr1   (  0,   2,   0)  0.0104   (-8.017, -6.943, -0.000) 10.606 
J_iso:  0.0104 
----------------------------------------------------------------------------------------
   Cr2   Cr1   (  2,   0,   0)  0.0104   (-8.017,  6.943, -0.000) 10.606 
J_iso:  0.0104 
----------------------------------------------------------------------------------------
   Cr2   Cr1   ( -1,   0,   0)  0.0104   (10.021, -3.471, -0.000) 10.606 
J_iso:  0.0104 
----------------------------------------------------------------------------------------
   Cr2   Cr1   (  0,  -1,   0)  0.0104   (10.021,  3.471, -0.000) 10.606 
J_iso:  0.0104 
----------------------------------------------------------------------------------------
   Cr1   Cr2   (  0,   1,   0)  0.0104   (-10.021, -3.471,  0.000) 10.606 
J_iso:  0.0104 
----------------------------------------------------------------------------------------
   Cr1   Cr2   (  1,   0,   0)  0.0104   (-10.021,  3.471,  0.000) 10.606 
J_iso:  0.0104 
----------------------------------------------------------------------------------------
   Cr1   Cr1   ( -2,   1,   0) -0.0410   ( 6.013, -10.415,  0.000) 12.026 
J_iso: -0.0410 
----------------------------------------------------------------------------------------
   Cr2   Cr2   ( -2,   1,   0) -0.0410   ( 6.013, -10.415,  0.000) 12.026 
J_iso: -0.0410 
----------------------------------------------------------------------------------------
   Cr1   Cr1   ( -1,   2,   0) -0.0410   (-6.013, -10.415,  0.000) 12.026 
J_iso: -0.0410 
----------------------------------------------------------------------------------------
   Cr2   Cr2   ( -1,   2,   0) -0.0410   (-6.013, -10.415,  0.000) 12.026 
J_iso: -0.0410 
----------------------------------------------------------------------------------------
   Cr1   Cr1   (  1,  -2,   0) -0.0410   ( 6.013, 10.415,  0.000) 12.026 
J_iso: -0.0410 
----------------------------------------------------------------------------------------
   Cr2   Cr2   (  1,  -2,   0) -0.0410   ( 6.013, 10.415,  0.000) 12.026 
J_iso: -0.0410 
----------------------------------------------------------------------------------------
   Cr1   Cr1   (  2,  -1,   0) -0.0410   (-6.013, 10.415,  0.000) 12.026 
J_iso: -0.0410 
----------------------------------------------------------------------------------------
   Cr2   Cr2   (  2,  -1,   0) -0.0410   (-6.013, 10.415,  0.000) 12.026 
J_iso: -0.0410 
----------------------------------------------------------------------------------------
   Cr1   Cr1   ( -1,  -1,   0) -0.0410   (12.026,  0.000,  0.000) 12.026 
J_iso: -0.0410 
----------------------------------------------------------------------------------------
   Cr2   Cr2   ( -1,  -1,   0) -0.0410   (12.026,  0.000,  0.000) 12.026 
J_iso: -0.0410 
----------------------------------------------------------------------------------------
   Cr1   Cr1   (  1,   1,   0) -0.0410   (-12.026,  0.000,  0.000) 12.026 
J_iso: -0.0410 
----------------------------------------------------------------------------------------
   Cr2   Cr2   (  1,   1,   0) -0.0410   (-12.026,  0.000,  0.000) 12.026 
J_iso: -0.0410 
----------------------------------------------------------------------------------------
   Cr1   Cr1   ( -2,   2,   0) -0.0093   ( 0.000, -13.886,  0.000) 13.886 
J_iso: -0.0093 
----------------------------------------------------------------------------------------
   Cr2   Cr2   ( -2,   2,   0) -0.0093   ( 0.000, -13.886,  0.000) 13.886 
J_iso: -0.0093 
----------------------------------------------------------------------------------------
   Cr1   Cr1   (  2,  -2,   0) -0.0093   ( 0.000, 13.886,  0.000) 13.886 
J_iso: -0.0093 
----------------------------------------------------------------------------------------
   Cr2   Cr2   (  2,  -2,   0) -0.0093   ( 0.000, 13.886,  0.000) 13.886 
J_iso: -0.0093 
----------------------------------------------------------------------------------------
   Cr1   Cr1   ( -2,   0,   0) -0.0093   (12.026, -6.943,  0.000) 13.886 
J_iso: -0.0093 
----------------------------------------------------------------------------------------
   Cr1   Cr1   (  0,  -2,   0) -0.0093   (12.026,  6.943,  0.000) 13.886 
J_iso: -0.0093 
----------------------------------------------------------------------------------------
   Cr2   Cr2   ( -2,   0,   0) -0.0093   (12.026, -6.943,  0.000) 13.886 
J_iso: -0.0093 
----------------------------------------------------------------------------------------
   Cr2   Cr2   (  0,  -2,   0) -0.0093   (12.026,  6.943,  0.000) 13.886 
J_iso: -0.0093 
----------------------------------------------------------------------------------------
   Cr1   Cr1   (  0,   2,   0) -0.0093   (-12.026, -6.943,  0.000) 13.886 
J_iso: -0.0093 
----------------------------------------------------------------------------------------
   Cr2   Cr2   (  0,   2,   0) -0.0093   (-12.026, -6.943,  0.000) 13.886 
J_iso: -0.0093 
----------------------------------------------------------------------------------------
   Cr1   Cr1   (  2,   0,   0) -0.0093   (-12.026,  6.943,  0.000) 13.886 
J_iso: -0.0093 
----------------------------------------------------------------------------------------
   Cr2   Cr2   (  2,   0,   0) -0.0093   (-12.026,  6.943,  0.000) 13.886 
J_iso: -0.0093 
----------------------------------------------------------------------------------------
   Cr1   Cr2   ( -2,   2,   0) -0.0011   (-4.009, -13.886,  0.000) 14.453 
J_iso: -0.0011 
----------------------------------------------------------------------------------------
   Cr2   Cr1   ( -2,   2,   0) -0.0011   ( 4.009, -13.886, -0.000) 14.453 
J_iso: -0.0011 
----------------------------------------------------------------------------------------
   Cr1   Cr2   (  2,  -2,   0) -0.0011   (-4.009, 13.886,  0.000) 14.453 
J_iso: -0.0011 
----------------------------------------------------------------------------------------
   Cr2   Cr1   (  2,  -2,   0) -0.0011   ( 4.009, 13.886, -0.000) 14.453 
J_iso: -0.0011 
----------------------------------------------------------------------------------------
   Cr2   Cr1   ( -2,   1,   0) -0.0011   (10.021, -10.415, -0.000) 14.453 
J_iso: -0.0011 
----------------------------------------------------------------------------------------
   Cr1   Cr2   ( -1,   2,   0) -0.0011   (-10.021, -10.415,  0.000) 14.453 
J_iso: -0.0011 
----------------------------------------------------------------------------------------
   Cr2   Cr1   (  1,  -2,   0) -0.0011   (10.021, 10.415, -0.000) 14.453 
J_iso: -0.0011 
----------------------------------------------------------------------------------------
   Cr1   Cr2   (  2,  -1,   0) -0.0011   (-10.021, 10.415,  0.000) 14.453 
J_iso: -0.0011 
----------------------------------------------------------------------------------------
   Cr1   Cr2   ( -2,  -1,   0) -0.0011   (14.030, -3.471,  0.000) 14.453 
J_iso: -0.0011 
----------------------------------------------------------------------------------------
   Cr1   Cr2   ( -1,  -2,   0) -0.0011   (14.030,  3.471,  0.000) 14.453 
J_iso: -0.0011 
----------------------------------------------------------------------------------------
   Cr2   Cr1   (  1,   2,   0) -0.0011   (-14.030, -3.471, -0.000) 14.453 
J_iso: -0.0011 
----------------------------------------------------------------------------------------
   Cr2   Cr1   (  2,   1,   0) -0.0011   (-14.030,  3.471, -0.000) 14.453 
J_iso: -0.0011 
----------------------------------------------------------------------------------------
   Cr2   Cr1   ( -1,  -1,   0) -0.0073   (16.034,  0.000, -0.000) 16.034 
J_iso: -0.0073 
----------------------------------------------------------------------------------------
   Cr1   Cr2   (  1,   1,   0) -0.0073   (-16.034,  0.000,  0.000) 16.034 
J_iso: -0.0073 
----------------------------------------------------------------------------------------
   Cr2   Cr1   ( -2,   0,   0) -0.0040   (16.034, -6.943, -0.000) 17.473 
J_iso: -0.0040 
----------------------------------------------------------------------------------------
   Cr2   Cr1   (  0,  -2,   0) -0.0040   (16.034,  6.943, -0.000) 17.473 
J_iso: -0.0040 
----------------------------------------------------------------------------------------
   Cr1   Cr2   (  0,   2,   0) -0.0040   (-16.034, -6.943,  0.000) 17.473 
J_iso: -0.0040 
----------------------------------------------------------------------------------------
   Cr1   Cr2   (  2,   0,   0) -0.0040   (-16.034,  6.943,  0.000) 17.473 
J_iso: -0.0040 
----------------------------------------------------------------------------------------
   Cr1   Cr1   ( -2,  -1,   0) -0.0010   (18.038, -3.471,  0.000) 18.369 
J_iso: -0.0010 
----------------------------------------------------------------------------------------
   Cr2   Cr2   ( -2,  -1,   0) -0.0010   (18.038, -3.471,  0.000) 18.369 
J_iso: -0.0010 
----------------------------------------------------------------------------------------
   Cr1   Cr1   ( -1,  -2,   0) -0.0010   (18.038,  3.471,  0.000) 18.369 
J_iso: -0.0010 
----------------------------------------------------------------------------------------
   Cr2   Cr2   ( -1,  -2,   0) -0.0010   (18.038,  3.471,  0.000) 18.369 
J_iso: -0.0010 
----------------------------------------------------------------------------------------
   Cr1   Cr1   (  1,   2,   0) -0.0010   (-18.038, -3.471,  0.000) 18.369 
J_iso: -0.0010 
----------------------------------------------------------------------------------------
   Cr2   Cr2   (  1,   2,   0) -0.0010   (-18.038, -3.471,  0.000) 18.369 
J_iso: -0.0010 
----------------------------------------------------------------------------------------
   Cr1   Cr1   (  2,   1,   0) -0.0010   (-18.038,  3.471,  0.000) 18.369 
J_iso: -0.0010 
----------------------------------------------------------------------------------------
   Cr2   Cr2   (  2,   1,   0) -0.0010   (-18.038,  3.471,  0.000) 18.369 
J_iso: -0.0010 
----------------------------------------------------------------------------------------
   Cr1   Cr2   ( -2,  -2,   0)  0.0014   (20.043,  0.000,  0.000) 20.043 
J_iso:  0.0014 
----------------------------------------------------------------------------------------
   Cr2   Cr1   (  2,   2,   0)  0.0014   (-20.043,  0.000, -0.000) 20.043 
J_iso:  0.0014 
----------------------------------------------------------------------------------------
   Cr2   Cr1   ( -2,  -1,   0) -0.0073   (22.047, -3.471, -0.000) 22.319 
J_iso: -0.0073 
----------------------------------------------------------------------------------------
   Cr2   Cr1   ( -1,  -2,   0) -0.0073   (22.047,  3.471, -0.000) 22.319 
J_iso: -0.0073 
----------------------------------------------------------------------------------------
   Cr1   Cr2   (  1,   2,   0) -0.0073   (-22.047, -3.471,  0.000) 22.319 
J_iso: -0.0073 
----------------------------------------------------------------------------------------
   Cr1   Cr2   (  2,   1,   0) -0.0073   (-22.047,  3.471,  0.000) 22.319 
J_iso: -0.0073 
----------------------------------------------------------------------------------------
   Cr1   Cr1   ( -2,  -2,   0) -0.0010   (24.051,  0.000,  0.000) 24.051 
J_iso: -0.0010 
----------------------------------------------------------------------------------------
   Cr2   Cr2   ( -2,  -2,   0) -0.0010   (24.051,  0.000,  0.000) 24.051 
J_iso: -0.0010 
----------------------------------------------------------------------------------------
   Cr1   Cr1   (  2,   2,   0) -0.0010   (-24.051,  0.000,  0.000) 24.051 
J_iso: -0.0010 
----------------------------------------------------------------------------------------
   Cr2   Cr2   (  2,   2,   0) -0.0010   (-24.051,  0.000,  0.000) 24.051 
J_iso: -0.0010 
----------------------------------------------------------------------------------------
   Cr2   Cr1   ( -2,  -2,   0) -0.0040   (28.060,  0.000, -0.000) 28.060 
J_iso: -0.0040 
----------------------------------------------------------------------------------------
   Cr1   Cr2   (  2,   2,   0) -0.0040   (-28.060,  0.000,  0.000) 28.060 
J_iso: -0.0040 
